[:debug] http request: GET /packageinfo
[:debug] http response: {"status":404,"headers":{"server":"nginx/1.18.0 (Ubuntu)","date":"Tue, 11 Aug 2026 16:51:50 GMT","content-type":"application/json","content-length":"84","connection":"keep-alive"},"body":{"error":{"code":404,"message":"Package @lambdatest/smartui-cli@4.1.79 not found"}}}
[:debug] Package @lambdatest/smartui-cli@4.1.79 not found
[90mhttps://www.npmjs.com/package/@lambdatest/smartui-cli[39m
[90m[39m
## No config file provided. Using default config.
[auth:debug] http request: GET /token/verify
[auth:debug] http response: {"status":200,"headers":{"server":"nginx/1.18.0 (Ubuntu)","date":"Tue, 11 Aug 2026 16:51:50 GMT","content-type":"application/json","content-length":"195","connection":"keep-alive","access-control-allow-methods":"GET, POST, PUT, OPTIONS,PATCH","access-control-allow-headers":"Pragma,DNT,X-CustomHeader,Keep-Alive,User-Agent,X-Requested-With,If-Modified-Since,Cache-Control,Content-Type,Content-Range,Range,Authorization,username,traceparent,tracestate","access-control-expose-headers":"Pragma,DNT,X-CustomHeader,Keep-Alive,User-Agent,X-Requested-With,If-Modified-Since,Cache-Control,Content-Type,Content-Range,Range"},"body":{"status":"failure","message":"Authentication failed for provided username: shreyanshc and accessKey: LT_gCqE6yC","projectToken":"33627706#01KZRR5TVGJ83DZQ0D7ADYZFMG#testing-ignore-dom-element"}}
[startServer:debug] {"level":30,"time":1786467110645,"pid":48878,"hostname":"admin-MacBook-Pro","msg":"Server listening at http://[::1]:49152"}
[startServer:debug] {"level":30,"time":1786467110646,"pid":48878,"hostname":"admin-MacBook-Pro","msg":"Server listening at http://127.0.0.1:49152"}
[startServer:debug] Server started successfully on port 49152
[createBuild:debug] http request: POST /build
[createBuild:debug] {"git":{"branch":"main","commitId":"82b1601","commitMessage":"changes","commitAuthor":"shrinishLT","githubURL":"","baselineBranch":""},"config":{"web":{"browsers":["chrome","firefox","safari","edge"],"viewports":[{"width":1920,"height":0},{"width":1366,"height":0},{"width":1028,"height":0}]},"mobile":{"devices":["iPhone 14","Galaxy S24"],"fullPage":true,"orientation":"portrait"},"waitForPageRender":0,"waitForTimeout":1000,"waitForDiscovery":30000,"enableJavaScript":false,"cliEnableJavaScript":true,"scrollTime":8,"allowedHostnames":[],"allowedAssets":[],"smartIgnore":false,"delayedUpload":false,"useGlobalCache":false,"ignoreHTTPSErrors":false,"skipBuildCreation":false,"dedicatedProxyURL":"","geolocation":"","userAgent":"","requestHeaders":{},"allowDuplicateSnapshotNames":false,"useLambdaInternal":false,"useRemoteDiscovery":false,"useExtendedViewport":false,"loadDomContent":false,"showRenderErrors":false},"buildName":"","isStartExec":false,"packageVersion":"4.1.79","smartGit":false,"markBaseline":false,"baselineBuild":"","scheduled":""}
[createBuild:debug] http response: {"status":200,"headers":{"server":"nginx/1.18.0 (Ubuntu)","date":"Tue, 11 Aug 2026 16:51:53 GMT","content-type":"application/json","content-length":"343","connection":"keep-alive","access-control-allow-methods":"GET, POST, PUT, OPTIONS,PATCH","access-control-allow-headers":"Pragma,DNT,X-CustomHeader,Keep-Alive,User-Agent,X-Requested-With,If-Modified-Since,Cache-Control,Content-Type,Content-Range,Range,Authorization,username,traceparent,tracestate","access-control-expose-headers":"Pragma,DNT,X-CustomHeader,Keep-Alive,User-Agent,X-Requested-With,If-Modified-Since,Cache-Control,Content-Type,Content-Range,Range"},"body":{"data":{"buildURL":"https://smartui.lambdatest.com/builds/01KZRR5TVGJ83DZQ0D7ADYZFMG?searchBuild=smartui-a579450d73","buildId":"fbb8ca76-0360-4fce-b90d-ed03a5273b82","buildName":"smartui-a579450d73","baseline":false,"gdprCompliance":false,"useKafkaFlow":true,"useDedicatedProxy":false,"removeHtmlComments":true,"checkPendingRequests":false}}}
[exec:debug] {"level":30,"time":1786467117779,"pid":48878,"hostname":"admin-MacBook-Pro","reqId":"req-1","req":{"method":"GET","url":"/healthcheck","hostname":"localhost:49152","remoteAddress":"::1","remotePort":52851},"msg":"incoming request"}
[exec:debug] {"level":30,"time":1786467117780,"pid":48878,"hostname":"admin-MacBook-Pro","reqId":"req-1","res":{"statusCode":200},"responseTime":0.7450409978628159,"msg":"request completed"}
[exec:debug] {"level":30,"time":1786467117782,"pid":48878,"hostname":"admin-MacBook-Pro","reqId":"req-2","req":{"method":"GET","url":"/domserializer","hostname":"localhost:49152","remoteAddress":"::1","remotePort":52851},"msg":"incoming request"}
[exec:debug] {"level":30,"time":1786467117783,"pid":48878,"hostname":"admin-MacBook-Pro","reqId":"req-2","res":{"statusCode":200},"responseTime":0.22712500393390656,"msg":"request completed"}
[exec:debug] {"level":30,"time":1786467117791,"pid":48878,"hostname":"admin-MacBook-Pro","reqId":"req-3","req":{"method":"POST","url":"/snapshot","hostname":"localhost:49152","remoteAddress":"::1","remotePort":52851},"msg":"incoming request"}
[exec:debug] Using local discovery
[discovery:debug] Processing snapshot ltqa-1-element-baseline https://ltqa-frontend.lambdatestinternal.com/layout1
[discovery:debug] {"level":30,"time":1786467117797,"pid":48878,"hostname":"admin-MacBook-Pro","reqId":"req-3","res":{"statusCode":200},"responseTime":5.860499992966652,"msg":"request completed"}
[discovery:debug] Chromium launched with options {"headless":true,"args":["--disable-features=Translate,OptimizationGuideModelDownloading","--disable-background-networking","--disable-background-timer-throttling","--disable-renderer-backgrounding","--disable-backgrounding-occluded-windows","--disable-breakpad","--disable-client-side-phishing-detection","--disable-component-extensions-with-background-pages","--disable-default-apps","--disable-dev-shm-usage","--disable-extensions","--disable-hang-monitor","--disable-ipc-flooding-protection","--disable-notifications","--disable-prompt-on-repost","--disable-sync","--disable-site-isolation-trials","--no-first-run","--no-sandbox","--password-store=basic","--use-mock-keychain","--remote-debugging-port=0","--disable-blink-features=AutomationControlled","--disable-features=UserAgentClientHint"]}
[discovery:debug] Browser context created with options {"javaScriptEnabled":true,"ignoreHTTPSErrors":false,"userAgent":"Mozilla/5.0 (Windows NT 10.0; Win64; x64) AppleWebKit/537.36 (KHTML, like Gecko) Chrome/123.0.6312.107 Safari/537.36"}
[discovery:debug] Snapshot options: {"web":{"browsers":["chrome"],"viewports":[[1920],[1366],[375]]},"element":{"cssSelector":"#features-section"}}
[discovery:debug] Processed options: {"web":{"viewports":[[1920],[1366],[375]],"browsers":["chrome"]},"element":"#features-section"}
[discovery:debug] Page resized to 1920x1080
[discovery:debug] globalViewport : 1920
[discovery:debug] Handling request https://ltqa-frontend.lambdatestinternal.com/layout1
 - skipping root resource
[discovery:debug] Resource not found in cache or global cache https://ltqa-frontend.lambdatestinternal.com/assets/polyfills-ce8b5424.js fetching from server
[discovery:debug] Resource not found in cache or global cache https://cdnjs.cloudflare.com/ajax/libs/font-awesome/6.0.0/css/all.min.css fetching from server
[discovery:debug] Resource not found in cache or global cache https://ltqa-frontend.lambdatestinternal.com/assets/index-fd1975db.js fetching from server
[discovery:debug] Resource not found in cache or global cache https://ltqa-frontend.lambdatestinternal.com/assets/index-ffead325.css fetching from server
[discovery:debug] Resource not found in cache or global cache https://static.cloudflareinsights.com/beacon.min.js/v4513226cdae34746b4dedf0b4dfa099e1781791509496 fetching from server
[discovery:debug] Handling request https://static.cloudflareinsights.com/beacon.min.js/v4513226cdae34746b4dedf0b4dfa099e1781791509496
 - skipping remote resource
[discovery:debug] Handling request https://ltqa-frontend.lambdatestinternal.com/assets/index-ffead325.css
 - content-type text/css
[discovery:debug] Handling request https://ltqa-frontend.lambdatestinternal.com/assets/polyfills-ce8b5424.js
 - skipping disallowed resource type [script]
[discovery:debug] Resource not found in cache or global cache https://fonts.googleapis.com/css2?family=Inter:wght@300;400;500;600;700&display=swap fetching from server
[discovery:debug] Handling request https://cdnjs.cloudflare.com/ajax/libs/font-awesome/6.0.0/css/all.min.css
 - skipping remote resource
[discovery:debug] Handling request https://ltqa-frontend.lambdatestinternal.com/assets/index-fd1975db.js
 - skipping disallowed resource type [script]
[discovery:debug] Handling request https://fonts.googleapis.com/css2?family=Inter:wght@300;400;500;600;700&display=swap
 - skipping remote resource
[discovery:debug] {"level":30,"time":1786467118459,"pid":48878,"hostname":"admin-MacBook-Pro","reqId":"req-4","req":{"method":"GET","url":"/healthcheck","hostname":"localhost:49152","remoteAddress":"::1","remotePort":52851},"msg":"incoming request"}
[discovery:debug] {"level":30,"time":1786467118459,"pid":48878,"hostname":"admin-MacBook-Pro","reqId":"req-4","res":{"statusCode":200},"responseTime":0.22312499582767487,"msg":"request completed"}
[discovery:debug] {"level":30,"time":1786467118460,"pid":48878,"hostname":"admin-MacBook-Pro","reqId":"req-5","req":{"method":"GET","url":"/domserializer","hostname":"localhost:49152","remoteAddress":"::1","remotePort":52851},"msg":"incoming request"}
[discovery:debug] {"level":30,"time":1786467118460,"pid":48878,"hostname":"admin-MacBook-Pro","reqId":"req-5","res":{"statusCode":200},"responseTime":0.22908300161361694,"msg":"request completed"}
[discovery:debug] Resource not found in cache or global cache https://fonts.gstatic.com/s/inter/v20/UcC73FwrK3iLTeHuS_nVMrMxCp50SjIa1ZL7.woff2 fetching from server
[discovery:debug] Resource not found in cache or global cache https://cdnjs.cloudflare.com/ajax/libs/font-awesome/6.0.0/webfonts/fa-solid-900.woff2 fetching from server
[discovery:debug] Resource not found in cache or global cache https://cdnjs.cloudflare.com/ajax/libs/font-awesome/6.0.0/webfonts/fa-brands-400.woff2 fetching from server
[discovery:debug] {"level":30,"time":1786467118467,"pid":48878,"hostname":"admin-MacBook-Pro","reqId":"req-6","req":{"method":"POST","url":"/snapshot","hostname":"localhost:49152","remoteAddress":"::1","remotePort":52851},"msg":"incoming request"}
[discovery:debug] {"level":30,"time":1786467118467,"pid":48878,"hostname":"admin-MacBook-Pro","reqId":"req-6","res":{"statusCode":200},"responseTime":0.5095420032739639,"msg":"request completed"}
[discovery:debug] Handling request https://cdnjs.cloudflare.com/ajax/libs/font-awesome/6.0.0/webfonts/fa-solid-900.woff2
 - skipping remote resource
[discovery:debug] Handling request https://cdnjs.cloudflare.com/ajax/libs/font-awesome/6.0.0/webfonts/fa-brands-400.woff2
 - skipping remote resource
[discovery:debug] Handling request https://fonts.gstatic.com/s/inter/v20/UcC73FwrK3iLTeHuS_nVMrMxCp50SjIa1ZL7.woff2
 - skipping remote resource
[discovery:debug] Resource not found in cache or global cache https://ltqa-frontend.lambdatestinternal.com/cdn-cgi/rum? fetching from server
[discovery:debug] Handling request https://ltqa-frontend.lambdatestinternal.com/cdn-cgi/rum?
 - skipping empty response
[discovery:debug] {"level":30,"time":1786467119087,"pid":48878,"hostname":"admin-MacBook-Pro","reqId":"req-7","req":{"method":"GET","url":"/healthcheck","hostname":"localhost:49152","remoteAddress":"::1","remotePort":52851},"msg":"incoming request"}
[discovery:debug] {"level":30,"time":1786467119088,"pid":48878,"hostname":"admin-MacBook-Pro","reqId":"req-7","res":{"statusCode":200},"responseTime":0.33891700208187103,"msg":"request completed"}
[discovery:debug] {"level":30,"time":1786467119090,"pid":48878,"hostname":"admin-MacBook-Pro","reqId":"req-8","req":{"method":"GET","url":"/domserializer","hostname":"localhost:49152","remoteAddress":"::1","remotePort":52851},"msg":"incoming request"}
[discovery:debug] {"level":30,"time":1786467119090,"pid":48878,"hostname":"admin-MacBook-Pro","reqId":"req-8","res":{"statusCode":200},"responseTime":0.37470901012420654,"msg":"request completed"}
[discovery:debug] {"level":30,"time":1786467119100,"pid":48878,"hostname":"admin-MacBook-Pro","reqId":"req-9","req":{"method":"POST","url":"/snapshot","hostname":"localhost:49152","remoteAddress":"::1","remotePort":52851},"msg":"incoming request"}
[discovery:debug] {"level":30,"time":1786467119100,"pid":48878,"hostname":"admin-MacBook-Pro","reqId":"req-9","res":{"statusCode":200},"responseTime":0.522041991353035,"msg":"request completed"}
[discovery:debug] Navigated to https://ltqa-frontend.lambdatestinternal.com/layout1
[discovery:debug] Network idle 500ms
[discovery:debug] Processed options: {"web":{"viewports":[[1920],[1366],[375]],"browsers":["chrome"]},"element":"#features-section"}
[discovery:debug] Page resized to 1366x1080
[discovery:debug] globalViewport : 1366
[discovery:debug] Network idle 500ms
[discovery:debug] Processed options: {"web":{"viewports":[[1920],[1366],[375]],"browsers":["chrome"]},"element":"#features-section"}
[discovery:debug] Page resized to 375x1080
[discovery:debug] globalViewport : 375
[discovery:debug] Network idle 500ms
[discovery:debug] Processed options: {"web":{"viewports":[[1920],[1366],[375]],"browsers":["chrome"]},"element":"#features-section"}
[discovery:debug] Uploading dom to S3 for snapshot using presigned URL
[discovery:debug] http request: POST /snapshotuploadurl
[discovery:debug] {"buildId":"fbb8ca76-0360-4fce-b90d-ed03a5273b82","snapshotName":"ltqa-1-element-baseline","snapshotUuid":"7880f019-bf41-4c23-b231-b723effca759"}
[discovery:debug] {"buildId":"fbb8ca76-0360-4fce-b90d-ed03a5273b82","snapshotName":"ltqa-1-element-baseline","snapshotUuid":"7880f019-bf41-4c23-b231-b723effca759"}
[discovery:debug] http response: {"status":200,"headers":{"server":"nginx/1.18.0 (Ubuntu)","date":"Tue, 11 Aug 2026 16:52:07 GMT","content-type":"application/json","transfer-encoding":"chunked","connection":"keep-alive","access-control-allow-methods":"GET, POST, PUT, OPTIONS,PATCH","access-control-allow-headers":"Pragma,DNT,X-CustomHeader,Keep-Alive,User-Agent,X-Requested-With,If-Modified-Since,Cache-Control,Content-Type,Content-Range,Range,Authorization,username,traceparent,tracestate","access-control-expose-headers":"Pragma,DNT,X-CustomHeader,Keep-Alive,User-Agent,X-Requested-With,If-Modified-Since,Cache-Control,Content-Type,Content-Range,Range"},"body":{"data":{"url":"https://stage-magicleap-dotlapse-artefact-v1.s3.amazonaws.com/org-33627706/01KZRR5TVGJ83DZQ0D7ADYZFMG/fbb8ca76-0360-4fce-b90d-ed03a5273b82/dom/ltqa-1-element-baseline_7880f019-bf41-4c23-b231-b723effca759.json?X-Amz-Algorithm=AWS4-HMAC-SHA256&X-Amz-Credential=ASIA3S77Y4GPHQBFETM7%2F20260811%2Fus-east-1%2Fs3%2Faws4_request&X-Amz-Date=20260811T165204Z&X-Amz-Expires=900&X-Amz-Security-Token=IQoJb3JpZ2luX2VjEPH%2F%2F%2F%2F%2F%2F%2F%2F%2F%2FwEaCXVzLWVhc3QtMSJIMEYCIQCrt1DDLME2mdHkxe18e%2FXI4jqQlKsySx9v9etNbv0H0AIhALuwO6A%2FfE6TcTRtm%2FcYyWwV0XdDMhSGq64jnciH9YB5KsUFCLn%2F%2F%2F%2F%2F%2F%2F%2F%2F%2FwEQABoMNzk2NzE1OTY2ODc4Igw1g2wYyext%2BCpqUPcqmQVMDAMZuBDdy46iYs8OJCs1LdDzdoxQeOLMdl7jMzozHXHNe8xy3WwvetMJacC4JaB5daNPE9PJ2hTrE3GavAhc0299DM%2BFKxN8iztCNvZJHEMVEeAajE8DNxt%2Bf0Lcr750xm0mn11QHHui7MfoMvZ6ojP63j02tg7zZTrRe81hRWmOQUIjw8%2BFNLgo52NX38hcQ7mLomkGQPDxTWa1LLqWo7MRTzg6vqMrXa1SowE5fzlksgx1WI9rnWnYVfBwkFQQzqJb2jhWl2VK4ym5Et1ENt8la%2BbfNPEH1wkuR55JH2jroUJFbbsFZjBTeiyqF7bXTvitbdnhbhIo1%2FxfajRuBp7BlzRTwzlwpmhT%2FLDtR%2BezvzLFRczO%2BwebZkxYDtTVmiXC7TUBIUkpLa4pUcQ5C8hUhmCXqOaMLJF0BgtVUHGoEz58NC3jMM31haIy7a0nbAQWBDWC%2FRRXYlYxN1mWL%2BwQCrRJxkJrFjL%2FmQGPF1WbVzl823Ae50w6qhDVLMkwlv0ld7cmR2bJGeUbGsA7G1D%2Fuab6swwJVEUGoJ364D%2Fa5FtATEKqnIE5YsfvZV7x9TV3wZxVMfij%2BtexnE1vMSUfnUkEd%2BpG48ufSJiigceMh6cYAgJZB%2BXabjQi0SWzSgxDWG8Gwf3A4%2BDxlOK7A2J9IgbNUD%2BzpLn5xfEZvpyL8PzJdMQ%2BpBst8mlU%2BKMIdgj8y5DbrHl8n0qtkEJYM268PACgHpn%2FEJbVIzh8RTr%2F16KaUGBCozYdpiitsBlUryarQG7rNlR7nDuMAekGDyXoKCxMSaeBrlCqpakI4R0lIJg%2FKH4pDCqsvQhU5cD00jPzTLLDdhtshbRTfYTlWgiEk%2BzAj%2FAGYmSMqSJZHdG6RHKlivW3vzDtle3TBjqwAWKfrJX1nUfy1cCdA7vNJssLYVBgQggXLZeDE104ZkooWgO1%2FC%2BxMj07xAmN5niEgm2WzzI6jBsGCPqT%2F7azd6xZ8pNw208pcyxmnlkxUnzzUUiC9yXkATEVafBZlsfuwiZg8p0XCrLIiExhhEa2MJc8ZXzdcMcbFMx67L%2BjC0JiV7D%2FVvZuSL5zmdNOFMCbxZ%2FVhdn%2B%2FaH3U6tbLswX8K3wz7M4tXXVUhkhv2ni%2Bf90&X-Amz-SignedHeaders=host&X-Amz-Signature=911c7c0ac9b0eed65bff2ab370425da49d1cd4d48629d4563b802459ceb8036f"}}}
[discovery:debug] http request: PUT https://stage-magicleap-dotlapse-artefact-v1.s3.amazonaws.com/org-33627706/01KZRR5TVGJ83DZQ0D7ADYZFMG/fbb8ca76-0360-4fce-b90d-ed03a5273b82/dom/ltqa-1-element-baseline_7880f019-bf41-4c23-b231-b723effca759.json?X-Amz-Algorithm=AWS4-HMAC-SHA256&X-Amz-Credential=ASIA3S77Y4GPHQBFETM7%2F20260811%2Fus-east-1%2Fs3%2Faws4_request&X-Amz-Date=20260811T165204Z&X-Amz-Expires=900&X-Amz-Security-Token=IQoJb3JpZ2luX2VjEPH%2F%2F%2F%2F%2F%2F%2F%2F%2F%2FwEaCXVzLWVhc3QtMSJIMEYCIQCrt1DDLME2mdHkxe18e%2FXI4jqQlKsySx9v9etNbv0H0AIhALuwO6A%2FfE6TcTRtm%2FcYyWwV0XdDMhSGq64jnciH9YB5KsUFCLn%2F%2F%2F%2F%2F%2F%2F%2F%2F%2FwEQABoMNzk2NzE1OTY2ODc4Igw1g2wYyext%2BCpqUPcqmQVMDAMZuBDdy46iYs8OJCs1LdDzdoxQeOLMdl7jMzozHXHNe8xy3WwvetMJacC4JaB5daNPE9PJ2hTrE3GavAhc0299DM%2BFKxN8iztCNvZJHEMVEeAajE8DNxt%2Bf0Lcr750xm0mn11QHHui7MfoMvZ6ojP63j02tg7zZTrRe81hRWmOQUIjw8%2BFNLgo52NX38hcQ7mLomkGQPDxTWa1LLqWo7MRTzg6vqMrXa1SowE5fzlksgx1WI9rnWnYVfBwkFQQzqJb2jhWl2VK4ym5Et1ENt8la%2BbfNPEH1wkuR55JH2jroUJFbbsFZjBTeiyqF7bXTvitbdnhbhIo1%2FxfajRuBp7BlzRTwzlwpmhT%2FLDtR%2BezvzLFRczO%2BwebZkxYDtTVmiXC7TUBIUkpLa4pUcQ5C8hUhmCXqOaMLJF0BgtVUHGoEz58NC3jMM31haIy7a0nbAQWBDWC%2FRRXYlYxN1mWL%2BwQCrRJxkJrFjL%2FmQGPF1WbVzl823Ae50w6qhDVLMkwlv0ld7cmR2bJGeUbGsA7G1D%2Fuab6swwJVEUGoJ364D%2Fa5FtATEKqnIE5YsfvZV7x9TV3wZxVMfij%2BtexnE1vMSUfnUkEd%2BpG48ufSJiigceMh6cYAgJZB%2BXabjQi0SWzSgxDWG8Gwf3A4%2BDxlOK7A2J9IgbNUD%2BzpLn5xfEZvpyL8PzJdMQ%2BpBst8mlU%2BKMIdgj8y5DbrHl8n0qtkEJYM268PACgHpn%2FEJbVIzh8RTr%2F16KaUGBCozYdpiitsBlUryarQG7rNlR7nDuMAekGDyXoKCxMSaeBrlCqpakI4R0lIJg%2FKH4pDCqsvQhU5cD00jPzTLLDdhtshbRTfYTlWgiEk%2BzAj%2FAGYmSMqSJZHdG6RHKlivW3vzDtle3TBjqwAWKfrJX1nUfy1cCdA7vNJssLYVBgQggXLZeDE104ZkooWgO1%2FC%2BxMj07xAmN5niEgm2WzzI6jBsGCPqT%2F7azd6xZ8pNw208pcyxmnlkxUnzzUUiC9yXkATEVafBZlsfuwiZg8p0XCrLIiExhhEa2MJc8ZXzdcMcbFMx67L%2BjC0JiV7D%2FVvZuSL5zmdNOFMCbxZ%2FVhdn%2B%2FaH3U6tbLswX8K3wz7M4tXXVUhkhv2ni%2Bf90&X-Amz-SignedHeaders=host&X-Amz-Signature=911c7c0ac9b0eed65bff2ab370425da49d1cd4d48629d4563b802459ceb8036f
[discovery:debug] http response: {"status":200,"headers":{"x-amz-id-2":"o5BlMfGPAvOsQvMsTAvIMBKhYMjC3EGL/4Am23LVuCSD49HdJegz99Ri23yT+jrrWfiLFnnQu+Q=","x-amz-request-id":"GM6VPPX0J6Q0N0S5","date":"Tue, 11 Aug 2026 16:52:11 GMT","x-amz-expiration":"expiry-date=\"Sun, 11 Oct 2026 00:00:00 GMT\", rule-id=\"tf-s3-lifecycle-20230112051032329700000002\"","x-amz-server-side-encryption":"AES256","etag":"\"39326099b459eb8d23636ff7bdbfb7b9\"","x-amz-checksum-crc64nvme":"6/QPDalwbRM=","x-amz-checksum-type":"FULL_OBJECT","content-length":"0","server":"AmazonS3"},"body":""}
[discovery:debug] http request: POST /build/fbb8ca76-0360-4fce-b90d-ed03a5273b82/snapshot
[discovery:debug] {"name":"ltqa-1-element-baseline","url":"https://ltqa-frontend.lambdatestinternal.com/layout1","snapshotUuid":"7880f019-bf41-4c23-b231-b723effca759","variantCount":3,"test":{"type":"js-playwright-driver","source":"cli"},"discoveryErrors":{"name":"ltqa-1-element-baseline","url":"https://ltqa-frontend.lambdatestinternal.com/layout1","timestamp":"","snapshotUUID":"","browsers":{}},"sync":false}
[discovery:debug] http response: {"status":200,"headers":{"server":"nginx/1.18.0 (Ubuntu)","date":"Tue, 11 Aug 2026 16:52:12 GMT","content-type":"application/json","content-length":"31","connection":"keep-alive","access-control-allow-methods":"GET, POST, PUT, OPTIONS,PATCH","access-control-allow-headers":"Pragma,DNT,X-CustomHeader,Keep-Alive,User-Agent,X-Requested-With,If-Modified-Since,Cache-Control,Content-Type,Content-Range,Range,Authorization,username,traceparent,tracestate","access-control-expose-headers":"Pragma,DNT,X-CustomHeader,Keep-Alive,User-Agent,X-Requested-With,If-Modified-Since,Cache-Control,Content-Type,Content-Range,Range"},"body":{"data":{"message":"success"}}}
[discovery:debug] ContextId: undefined status set to uploaded
[discovery:debug] Closed browser page for snapshot ltqa-1-element-baseline
[discovery:debug] Closed browser context for snapshot ltqa-1-element-baseline
[discovery:debug] Using local discovery
[discovery:debug] Processing snapshot ltqa-1-element-ignore-inner-card https://ltqa-frontend.lambdatestinternal.com/layout1
[discovery:debug] Browser context created with options {"javaScriptEnabled":true,"ignoreHTTPSErrors":false,"userAgent":"Mozilla/5.0 (Windows NT 10.0; Win64; x64) AppleWebKit/537.36 (KHTML, like Gecko) Chrome/123.0.6312.107 Safari/537.36"}
[discovery:debug] Snapshot options: {"web":{"browsers":["chrome"],"viewports":[[1920],[1366],[375]]},"element":{"cssSelector":"#features-section"},"ignoreDOM":{"cssSelector":["#visual-regression-card"]}}
[discovery:debug] Processed options: {"web":{"viewports":[[1920],[1366],[375]],"browsers":["chrome"]},"element":"#features-section"}
[discovery:debug] Page resized to 1920x1080
[discovery:debug] globalViewport : 1920
[discovery:debug] Handling request https://ltqa-frontend.lambdatestinternal.com/layout1
 - skipping root resource
[discovery:debug] Resource not found in cache or global cache https://ltqa-frontend.lambdatestinternal.com/assets/polyfills-ce8b5424.js fetching from server
[discovery:debug] Resource not found in cache or global cache https://cdnjs.cloudflare.com/ajax/libs/font-awesome/6.0.0/css/all.min.css fetching from server
[discovery:debug] Resource not found in cache or global cache https://ltqa-frontend.lambdatestinternal.com/assets/index-fd1975db.js fetching from server
[discovery:debug] Resource not found in cache or global cache https://ltqa-frontend.lambdatestinternal.com/assets/index-ffead325.css fetching from server
[discovery:debug] Resource not found in cache or global cache https://static.cloudflareinsights.com/beacon.min.js/v4513226cdae34746b4dedf0b4dfa099e1781791509496 fetching from server
[discovery:debug] Handling request https://ltqa-frontend.lambdatestinternal.com/assets/index-ffead325.css
 - content-type text/css
[discovery:debug] Resource not found in cache or global cache https://fonts.googleapis.com/css2?family=Inter:wght@300;400;500;600;700&display=swap fetching from server
[discovery:debug] Handling request https://ltqa-frontend.lambdatestinternal.com/assets/polyfills-ce8b5424.js
 - skipping disallowed resource type [script]
[discovery:debug] Handling request https://static.cloudflareinsights.com/beacon.min.js/v4513226cdae34746b4dedf0b4dfa099e1781791509496
 - skipping remote resource
[discovery:debug] Handling request https://cdnjs.cloudflare.com/ajax/libs/font-awesome/6.0.0/css/all.min.css
 - skipping remote resource
[discovery:debug] Handling request https://ltqa-frontend.lambdatestinternal.com/assets/index-fd1975db.js
 - skipping disallowed resource type [script]
[discovery:debug] Handling request https://fonts.googleapis.com/css2?family=Inter:wght@300;400;500;600;700&display=swap
 - skipping remote resource
[discovery:debug] Resource not found in cache or global cache https://fonts.gstatic.com/s/inter/v20/UcC73FwrK3iLTeHuS_nVMrMxCp50SjIa1ZL7.woff2 fetching from server
[discovery:debug] Resource not found in cache or global cache https://cdnjs.cloudflare.com/ajax/libs/font-awesome/6.0.0/webfonts/fa-solid-900.woff2 fetching from server
[discovery:debug] Resource not found in cache or global cache https://cdnjs.cloudflare.com/ajax/libs/font-awesome/6.0.0/webfonts/fa-brands-400.woff2 fetching from server
[discovery:debug] Handling request https://cdnjs.cloudflare.com/ajax/libs/font-awesome/6.0.0/webfonts/fa-brands-400.woff2
 - skipping remote resource
[discovery:debug] Handling request https://fonts.gstatic.com/s/inter/v20/UcC73FwrK3iLTeHuS_nVMrMxCp50SjIa1ZL7.woff2
 - skipping remote resource
[discovery:debug] Handling request https://cdnjs.cloudflare.com/ajax/libs/font-awesome/6.0.0/webfonts/fa-solid-900.woff2
 - skipping remote resource
[discovery:debug] Resource not found in cache or global cache https://ltqa-frontend.lambdatestinternal.com/cdn-cgi/rum? fetching from server
[discovery:debug] Handling request https://ltqa-frontend.lambdatestinternal.com/cdn-cgi/rum?
 - skipping empty response
[discovery:debug] Navigated to https://ltqa-frontend.lambdatestinternal.com/layout1
[discovery:debug] Network idle 500ms
[discovery:debug] Processed options: {"web":{"viewports":[[1920],[1366],[375]],"browsers":["chrome"]},"element":"#features-section","ignoreDOM":{"cssSelector":["#visual-regression-card"]}}
[discovery:debug] Page resized to 1366x1080
[discovery:debug] globalViewport : 1366
[discovery:debug] Network idle 500ms
[discovery:debug] Processed options: {"web":{"viewports":[[1920],[1366],[375]],"browsers":["chrome"]},"element":"#features-section","ignoreDOM":{"cssSelector":["#visual-regression-card"]}}
[discovery:debug] Page resized to 375x1080
[discovery:debug] globalViewport : 375
[discovery:debug] Network idle 500ms
[discovery:debug] Processed options: {"web":{"viewports":[[1920],[1366],[375]],"browsers":["chrome"]},"element":"#features-section","ignoreDOM":{"cssSelector":["#visual-regression-card"]}}
[discovery:debug] Uploading dom to S3 for snapshot using presigned URL
[discovery:debug] http request: POST /snapshotuploadurl
[discovery:debug] {"buildId":"fbb8ca76-0360-4fce-b90d-ed03a5273b82","snapshotName":"ltqa-1-element-ignore-inner-card","snapshotUuid":"407e1d19-8ca7-4363-a12c-cf91806252af"}
[discovery:debug] {"buildId":"fbb8ca76-0360-4fce-b90d-ed03a5273b82","snapshotName":"ltqa-1-element-ignore-inner-card","snapshotUuid":"407e1d19-8ca7-4363-a12c-cf91806252af"}
[discovery:debug] http response: {"status":200,"headers":{"server":"nginx/1.18.0 (Ubuntu)","date":"Tue, 11 Aug 2026 16:52:21 GMT","content-type":"application/json","transfer-encoding":"chunked","connection":"keep-alive","access-control-allow-methods":"GET, POST, PUT, OPTIONS,PATCH","access-control-allow-headers":"Pragma,DNT,X-CustomHeader,Keep-Alive,User-Agent,X-Requested-With,If-Modified-Since,Cache-Control,Content-Type,Content-Range,Range,Authorization,username,traceparent,tracestate","access-control-expose-headers":"Pragma,DNT,X-CustomHeader,Keep-Alive,User-Agent,X-Requested-With,If-Modified-Since,Cache-Control,Content-Type,Content-Range,Range"},"body":{"data":{"url":"https://stage-magicleap-dotlapse-artefact-v1.s3.amazonaws.com/org-33627706/01KZRR5TVGJ83DZQ0D7ADYZFMG/fbb8ca76-0360-4fce-b90d-ed03a5273b82/dom/ltqa-1-element-ignore-inner-card_407e1d19-8ca7-4363-a12c-cf91806252af.json?X-Amz-Algorithm=AWS4-HMAC-SHA256&X-Amz-Credential=ASIA3S77Y4GPHQBFETM7%2F20260811%2Fus-east-1%2Fs3%2Faws4_request&X-Amz-Date=20260811T165218Z&X-Amz-Expires=900&X-Amz-Security-Token=IQoJb3JpZ2luX2VjEPH%2F%2F%2F%2F%2F%2F%2F%2F%2F%2FwEaCXVzLWVhc3QtMSJIMEYCIQCrt1DDLME2mdHkxe18e%2FXI4jqQlKsySx9v9etNbv0H0AIhALuwO6A%2FfE6TcTRtm%2FcYyWwV0XdDMhSGq64jnciH9YB5KsUFCLn%2F%2F%2F%2F%2F%2F%2F%2F%2F%2FwEQABoMNzk2NzE1OTY2ODc4Igw1g2wYyext%2BCpqUPcqmQVMDAMZuBDdy46iYs8OJCs1LdDzdoxQeOLMdl7jMzozHXHNe8xy3WwvetMJacC4JaB5daNPE9PJ2hTrE3GavAhc0299DM%2BFKxN8iztCNvZJHEMVEeAajE8DNxt%2Bf0Lcr750xm0mn11QHHui7MfoMvZ6ojP63j02tg7zZTrRe81hRWmOQUIjw8%2BFNLgo52NX38hcQ7mLomkGQPDxTWa1LLqWo7MRTzg6vqMrXa1SowE5fzlksgx1WI9rnWnYVfBwkFQQzqJb2jhWl2VK4ym5Et1ENt8la%2BbfNPEH1wkuR55JH2jroUJFbbsFZjBTeiyqF7bXTvitbdnhbhIo1%2FxfajRuBp7BlzRTwzlwpmhT%2FLDtR%2BezvzLFRczO%2BwebZkxYDtTVmiXC7TUBIUkpLa4pUcQ5C8hUhmCXqOaMLJF0BgtVUHGoEz58NC3jMM31haIy7a0nbAQWBDWC%2FRRXYlYxN1mWL%2BwQCrRJxkJrFjL%2FmQGPF1WbVzl823Ae50w6qhDVLMkwlv0ld7cmR2bJGeUbGsA7G1D%2Fuab6swwJVEUGoJ364D%2Fa5FtATEKqnIE5YsfvZV7x9TV3wZxVMfij%2BtexnE1vMSUfnUkEd%2BpG48ufSJiigceMh6cYAgJZB%2BXabjQi0SWzSgxDWG8Gwf3A4%2BDxlOK7A2J9IgbNUD%2BzpLn5xfEZvpyL8PzJdMQ%2BpBst8mlU%2BKMIdgj8y5DbrHl8n0qtkEJYM268PACgHpn%2FEJbVIzh8RTr%2F16KaUGBCozYdpiitsBlUryarQG7rNlR7nDuMAekGDyXoKCxMSaeBrlCqpakI4R0lIJg%2FKH4pDCqsvQhU5cD00jPzTLLDdhtshbRTfYTlWgiEk%2BzAj%2FAGYmSMqSJZHdG6RHKlivW3vzDtle3TBjqwAWKfrJX1nUfy1cCdA7vNJssLYVBgQggXLZeDE104ZkooWgO1%2FC%2BxMj07xAmN5niEgm2WzzI6jBsGCPqT%2F7azd6xZ8pNw208pcyxmnlkxUnzzUUiC9yXkATEVafBZlsfuwiZg8p0XCrLIiExhhEa2MJc8ZXzdcMcbFMx67L%2BjC0JiV7D%2FVvZuSL5zmdNOFMCbxZ%2FVhdn%2B%2FaH3U6tbLswX8K3wz7M4tXXVUhkhv2ni%2Bf90&X-Amz-SignedHeaders=host&X-Amz-Signature=90a0bca23a043a13ce62b2d55fbc44f1566caaed4b5451565ff877e373d9cc77"}}}
[discovery:debug] http request: PUT https://stage-magicleap-dotlapse-artefact-v1.s3.amazonaws.com/org-33627706/01KZRR5TVGJ83DZQ0D7ADYZFMG/fbb8ca76-0360-4fce-b90d-ed03a5273b82/dom/ltqa-1-element-ignore-inner-card_407e1d19-8ca7-4363-a12c-cf91806252af.json?X-Amz-Algorithm=AWS4-HMAC-SHA256&X-Amz-Credential=ASIA3S77Y4GPHQBFETM7%2F20260811%2Fus-east-1%2Fs3%2Faws4_request&X-Amz-Date=20260811T165218Z&X-Amz-Expires=900&X-Amz-Security-Token=IQoJb3JpZ2luX2VjEPH%2F%2F%2F%2F%2F%2F%2F%2F%2F%2FwEaCXVzLWVhc3QtMSJIMEYCIQCrt1DDLME2mdHkxe18e%2FXI4jqQlKsySx9v9etNbv0H0AIhALuwO6A%2FfE6TcTRtm%2FcYyWwV0XdDMhSGq64jnciH9YB5KsUFCLn%2F%2F%2F%2F%2F%2F%2F%2F%2F%2FwEQABoMNzk2NzE1OTY2ODc4Igw1g2wYyext%2BCpqUPcqmQVMDAMZuBDdy46iYs8OJCs1LdDzdoxQeOLMdl7jMzozHXHNe8xy3WwvetMJacC4JaB5daNPE9PJ2hTrE3GavAhc0299DM%2BFKxN8iztCNvZJHEMVEeAajE8DNxt%2Bf0Lcr750xm0mn11QHHui7MfoMvZ6ojP63j02tg7zZTrRe81hRWmOQUIjw8%2BFNLgo52NX38hcQ7mLomkGQPDxTWa1LLqWo7MRTzg6vqMrXa1SowE5fzlksgx1WI9rnWnYVfBwkFQQzqJb2jhWl2VK4ym5Et1ENt8la%2BbfNPEH1wkuR55JH2jroUJFbbsFZjBTeiyqF7bXTvitbdnhbhIo1%2FxfajRuBp7BlzRTwzlwpmhT%2FLDtR%2BezvzLFRczO%2BwebZkxYDtTVmiXC7TUBIUkpLa4pUcQ5C8hUhmCXqOaMLJF0BgtVUHGoEz58NC3jMM31haIy7a0nbAQWBDWC%2FRRXYlYxN1mWL%2BwQCrRJxkJrFjL%2FmQGPF1WbVzl823Ae50w6qhDVLMkwlv0ld7cmR2bJGeUbGsA7G1D%2Fuab6swwJVEUGoJ364D%2Fa5FtATEKqnIE5YsfvZV7x9TV3wZxVMfij%2BtexnE1vMSUfnUkEd%2BpG48ufSJiigceMh6cYAgJZB%2BXabjQi0SWzSgxDWG8Gwf3A4%2BDxlOK7A2J9IgbNUD%2BzpLn5xfEZvpyL8PzJdMQ%2BpBst8mlU%2BKMIdgj8y5DbrHl8n0qtkEJYM268PACgHpn%2FEJbVIzh8RTr%2F16KaUGBCozYdpiitsBlUryarQG7rNlR7nDuMAekGDyXoKCxMSaeBrlCqpakI4R0lIJg%2FKH4pDCqsvQhU5cD00jPzTLLDdhtshbRTfYTlWgiEk%2BzAj%2FAGYmSMqSJZHdG6RHKlivW3vzDtle3TBjqwAWKfrJX1nUfy1cCdA7vNJssLYVBgQggXLZeDE104ZkooWgO1%2FC%2BxMj07xAmN5niEgm2WzzI6jBsGCPqT%2F7azd6xZ8pNw208pcyxmnlkxUnzzUUiC9yXkATEVafBZlsfuwiZg8p0XCrLIiExhhEa2MJc8ZXzdcMcbFMx67L%2BjC0JiV7D%2FVvZuSL5zmdNOFMCbxZ%2FVhdn%2B%2FaH3U6tbLswX8K3wz7M4tXXVUhkhv2ni%2Bf90&X-Amz-SignedHeaders=host&X-Amz-Signature=90a0bca23a043a13ce62b2d55fbc44f1566caaed4b5451565ff877e373d9cc77
[discovery:debug] http response: {"status":200,"headers":{"x-amz-id-2":"/zr23z+yxIH9VWQar6P2ebi2vI6GaazcjTqW1PEzywwoW1kQwcSB02JEIp+xV+vNPliFD0eKwY8=","x-amz-request-id":"EHHWCTKSVYZ9489A","date":"Tue, 11 Aug 2026 16:52:25 GMT","x-amz-expiration":"expiry-date=\"Sun, 11 Oct 2026 00:00:00 GMT\", rule-id=\"tf-s3-lifecycle-20230112051032329700000002\"","x-amz-server-side-encryption":"AES256","etag":"\"092acea0ab8687e76e287c192e966679\"","x-amz-checksum-crc64nvme":"AShRcaLcUdI=","x-amz-checksum-type":"FULL_OBJECT","content-length":"0","server":"AmazonS3"},"body":""}
[discovery:debug] http request: POST /build/fbb8ca76-0360-4fce-b90d-ed03a5273b82/snapshot
[discovery:debug] {"name":"ltqa-1-element-ignore-inner-card","url":"https://ltqa-frontend.lambdatestinternal.com/layout1","snapshotUuid":"407e1d19-8ca7-4363-a12c-cf91806252af","variantCount":3,"test":{"type":"js-playwright-driver","source":"cli"},"discoveryErrors":{"name":"ltqa-1-element-ignore-inner-card","url":"https://ltqa-frontend.lambdatestinternal.com/layout1","timestamp":"","snapshotUUID":"","browsers":{}},"sync":false}
[discovery:debug] http response: {"status":200,"headers":{"server":"nginx/1.18.0 (Ubuntu)","date":"Tue, 11 Aug 2026 16:52:26 GMT","content-type":"application/json","content-length":"31","connection":"keep-alive","access-control-allow-methods":"GET, POST, PUT, OPTIONS,PATCH","access-control-allow-headers":"Pragma,DNT,X-CustomHeader,Keep-Alive,User-Agent,X-Requested-With,If-Modified-Since,Cache-Control,Content-Type,Content-Range,Range,Authorization,username,traceparent,tracestate","access-control-expose-headers":"Pragma,DNT,X-CustomHeader,Keep-Alive,User-Agent,X-Requested-With,If-Modified-Since,Cache-Control,Content-Type,Content-Range,Range"},"body":{"data":{"message":"success"}}}
[discovery:debug] ContextId: undefined status set to uploaded
[discovery:debug] Closed browser page for snapshot ltqa-1-element-ignore-inner-card
[discovery:debug] Closed browser context for snapshot ltqa-1-element-ignore-inner-card
[discovery:debug] Using local discovery
[discovery:debug] Processing snapshot ltqa-1-element-ignore-inner-multi https://ltqa-frontend.lambdatestinternal.com/layout1
[discovery:debug] Browser context created with options {"javaScriptEnabled":true,"ignoreHTTPSErrors":false,"userAgent":"Mozilla/5.0 (Windows NT 10.0; Win64; x64) AppleWebKit/537.36 (KHTML, like Gecko) Chrome/123.0.6312.107 Safari/537.36"}
[discovery:debug] Snapshot options: {"web":{"browsers":["chrome"],"viewports":[[1920],[1366],[375]]},"element":{"id":"benefits-section"},"ignoreDOM":{"id":["cross-browser-feature","breakpoint-feature"]}}
[discovery:debug] Processed options: {"web":{"viewports":[[1920],[1366],[375]],"browsers":["chrome"]},"element":"#benefits-section"}
[discovery:debug] Page resized to 1920x1080
[discovery:debug] globalViewport : 1920
[discovery:debug] Handling request https://ltqa-frontend.lambdatestinternal.com/layout1
 - skipping root resource
[discovery:debug] Resource not found in cache or global cache https://ltqa-frontend.lambdatestinternal.com/assets/polyfills-ce8b5424.js fetching from server
[discovery:debug] Resource not found in cache or global cache https://cdnjs.cloudflare.com/ajax/libs/font-awesome/6.0.0/css/all.min.css fetching from server
[discovery:debug] Resource not found in cache or global cache https://ltqa-frontend.lambdatestinternal.com/assets/index-fd1975db.js fetching from server
[discovery:debug] Resource not found in cache or global cache https://ltqa-frontend.lambdatestinternal.com/assets/index-ffead325.css fetching from server
[discovery:debug] Resource not found in cache or global cache https://static.cloudflareinsights.com/beacon.min.js/v4513226cdae34746b4dedf0b4dfa099e1781791509496 fetching from server
[discovery:debug] Handling request https://static.cloudflareinsights.com/beacon.min.js/v4513226cdae34746b4dedf0b4dfa099e1781791509496
 - skipping remote resource
[discovery:debug] Handling request https://ltqa-frontend.lambdatestinternal.com/assets/polyfills-ce8b5424.js
 - skipping disallowed resource type [script]
[discovery:debug] Handling request https://ltqa-frontend.lambdatestinternal.com/assets/index-fd1975db.js
 - skipping disallowed resource type [script]
[discovery:debug] Handling request https://cdnjs.cloudflare.com/ajax/libs/font-awesome/6.0.0/css/all.min.css
 - skipping remote resource
[discovery:debug] Handling request https://ltqa-frontend.lambdatestinternal.com/assets/index-ffead325.css
 - content-type text/css
[discovery:debug] Resource not found in cache or global cache https://fonts.googleapis.com/css2?family=Inter:wght@300;400;500;600;700&display=swap fetching from server
[discovery:debug] Handling request https://fonts.googleapis.com/css2?family=Inter:wght@300;400;500;600;700&display=swap
 - skipping remote resource
[discovery:debug] Resource not found in cache or global cache https://fonts.gstatic.com/s/inter/v20/UcC73FwrK3iLTeHuS_nVMrMxCp50SjIa1ZL7.woff2 fetching from server
[discovery:debug] Resource not found in cache or global cache https://cdnjs.cloudflare.com/ajax/libs/font-awesome/6.0.0/webfonts/fa-solid-900.woff2 fetching from server
[discovery:debug] Resource not found in cache or global cache https://cdnjs.cloudflare.com/ajax/libs/font-awesome/6.0.0/webfonts/fa-brands-400.woff2 fetching from server
[discovery:debug] Handling request https://cdnjs.cloudflare.com/ajax/libs/font-awesome/6.0.0/webfonts/fa-solid-900.woff2
 - skipping remote resource
[discovery:debug] Handling request https://fonts.gstatic.com/s/inter/v20/UcC73FwrK3iLTeHuS_nVMrMxCp50SjIa1ZL7.woff2
 - skipping remote resource
[discovery:debug] Handling request https://cdnjs.cloudflare.com/ajax/libs/font-awesome/6.0.0/webfonts/fa-brands-400.woff2
 - skipping remote resource
[discovery:debug] Resource not found in cache or global cache https://ltqa-frontend.lambdatestinternal.com/cdn-cgi/rum? fetching from server
[discovery:debug] Handling request https://ltqa-frontend.lambdatestinternal.com/cdn-cgi/rum?
 - skipping empty response
[discovery:debug] Navigated to https://ltqa-frontend.lambdatestinternal.com/layout1
[discovery:debug] Network idle 500ms
[discovery:debug] Processed options: {"web":{"viewports":[[1920],[1366],[375]],"browsers":["chrome"]},"element":"#benefits-section","ignoreDOM":{"id":["cross-browser-feature","breakpoint-feature"]}}
[discovery:debug] Page resized to 1366x1080
[discovery:debug] globalViewport : 1366
[discovery:debug] Network idle 500ms
[discovery:debug] Processed options: {"web":{"viewports":[[1920],[1366],[375]],"browsers":["chrome"]},"element":"#benefits-section","ignoreDOM":{"id":["cross-browser-feature","breakpoint-feature"]}}
[discovery:debug] Page resized to 375x1080
[discovery:debug] globalViewport : 375
[discovery:debug] Network idle 500ms
[discovery:debug] Processed options: {"web":{"viewports":[[1920],[1366],[375]],"browsers":["chrome"]},"element":"#benefits-section","ignoreDOM":{"id":["cross-browser-feature","breakpoint-feature"]}}
[discovery:debug] Uploading dom to S3 for snapshot using presigned URL
[discovery:debug] http request: POST /snapshotuploadurl
[discovery:debug] {"buildId":"fbb8ca76-0360-4fce-b90d-ed03a5273b82","snapshotName":"ltqa-1-element-ignore-inner-multi","snapshotUuid":"16ad5dd2-ef45-4bbf-8278-cf55c6acc632"}
[discovery:debug] {"buildId":"fbb8ca76-0360-4fce-b90d-ed03a5273b82","snapshotName":"ltqa-1-element-ignore-inner-multi","snapshotUuid":"16ad5dd2-ef45-4bbf-8278-cf55c6acc632"}
[discovery:debug] http response: {"status":200,"headers":{"server":"nginx/1.18.0 (Ubuntu)","date":"Tue, 11 Aug 2026 16:52:35 GMT","content-type":"application/json","transfer-encoding":"chunked","connection":"keep-alive","access-control-allow-methods":"GET, POST, PUT, OPTIONS,PATCH","access-control-allow-headers":"Pragma,DNT,X-CustomHeader,Keep-Alive,User-Agent,X-Requested-With,If-Modified-Since,Cache-Control,Content-Type,Content-Range,Range,Authorization,username,traceparent,tracestate","access-control-expose-headers":"Pragma,DNT,X-CustomHeader,Keep-Alive,User-Agent,X-Requested-With,If-Modified-Since,Cache-Control,Content-Type,Content-Range,Range"},"body":{"data":{"url":"https://stage-magicleap-dotlapse-artefact-v1.s3.amazonaws.com/org-33627706/01KZRR5TVGJ83DZQ0D7ADYZFMG/fbb8ca76-0360-4fce-b90d-ed03a5273b82/dom/ltqa-1-element-ignore-inner-multi_16ad5dd2-ef45-4bbf-8278-cf55c6acc632.json?X-Amz-Algorithm=AWS4-HMAC-SHA256&X-Amz-Credential=ASIA3S77Y4GPHQBFETM7%2F20260811%2Fus-east-1%2Fs3%2Faws4_request&X-Amz-Date=20260811T165232Z&X-Amz-Expires=900&X-Amz-Security-Token=IQoJb3JpZ2luX2VjEPH%2F%2F%2F%2F%2F%2F%2F%2F%2F%2FwEaCXVzLWVhc3QtMSJIMEYCIQCrt1DDLME2mdHkxe18e%2FXI4jqQlKsySx9v9etNbv0H0AIhALuwO6A%2FfE6TcTRtm%2FcYyWwV0XdDMhSGq64jnciH9YB5KsUFCLn%2F%2F%2F%2F%2F%2F%2F%2F%2F%2FwEQABoMNzk2NzE1OTY2ODc4Igw1g2wYyext%2BCpqUPcqmQVMDAMZuBDdy46iYs8OJCs1LdDzdoxQeOLMdl7jMzozHXHNe8xy3WwvetMJacC4JaB5daNPE9PJ2hTrE3GavAhc0299DM%2BFKxN8iztCNvZJHEMVEeAajE8DNxt%2Bf0Lcr750xm0mn11QHHui7MfoMvZ6ojP63j02tg7zZTrRe81hRWmOQUIjw8%2BFNLgo52NX38hcQ7mLomkGQPDxTWa1LLqWo7MRTzg6vqMrXa1SowE5fzlksgx1WI9rnWnYVfBwkFQQzqJb2jhWl2VK4ym5Et1ENt8la%2BbfNPEH1wkuR55JH2jroUJFbbsFZjBTeiyqF7bXTvitbdnhbhIo1%2FxfajRuBp7BlzRTwzlwpmhT%2FLDtR%2BezvzLFRczO%2BwebZkxYDtTVmiXC7TUBIUkpLa4pUcQ5C8hUhmCXqOaMLJF0BgtVUHGoEz58NC3jMM31haIy7a0nbAQWBDWC%2FRRXYlYxN1mWL%2BwQCrRJxkJrFjL%2FmQGPF1WbVzl823Ae50w6qhDVLMkwlv0ld7cmR2bJGeUbGsA7G1D%2Fuab6swwJVEUGoJ364D%2Fa5FtATEKqnIE5YsfvZV7x9TV3wZxVMfij%2BtexnE1vMSUfnUkEd%2BpG48ufSJiigceMh6cYAgJZB%2BXabjQi0SWzSgxDWG8Gwf3A4%2BDxlOK7A2J9IgbNUD%2BzpLn5xfEZvpyL8PzJdMQ%2BpBst8mlU%2BKMIdgj8y5DbrHl8n0qtkEJYM268PACgHpn%2FEJbVIzh8RTr%2F16KaUGBCozYdpiitsBlUryarQG7rNlR7nDuMAekGDyXoKCxMSaeBrlCqpakI4R0lIJg%2FKH4pDCqsvQhU5cD00jPzTLLDdhtshbRTfYTlWgiEk%2BzAj%2FAGYmSMqSJZHdG6RHKlivW3vzDtle3TBjqwAWKfrJX1nUfy1cCdA7vNJssLYVBgQggXLZeDE104ZkooWgO1%2FC%2BxMj07xAmN5niEgm2WzzI6jBsGCPqT%2F7azd6xZ8pNw208pcyxmnlkxUnzzUUiC9yXkATEVafBZlsfuwiZg8p0XCrLIiExhhEa2MJc8ZXzdcMcbFMx67L%2BjC0JiV7D%2FVvZuSL5zmdNOFMCbxZ%2FVhdn%2B%2FaH3U6tbLswX8K3wz7M4tXXVUhkhv2ni%2Bf90&X-Amz-SignedHeaders=host&X-Amz-Signature=ac458ddcb938b31afc6e40435ed191fb40d38ab38d9b905856a4b03c4023270f"}}}
[discovery:debug] http request: PUT https://stage-magicleap-dotlapse-artefact-v1.s3.amazonaws.com/org-33627706/01KZRR5TVGJ83DZQ0D7ADYZFMG/fbb8ca76-0360-4fce-b90d-ed03a5273b82/dom/ltqa-1-element-ignore-inner-multi_16ad5dd2-ef45-4bbf-8278-cf55c6acc632.json?X-Amz-Algorithm=AWS4-HMAC-SHA256&X-Amz-Credential=ASIA3S77Y4GPHQBFETM7%2F20260811%2Fus-east-1%2Fs3%2Faws4_request&X-Amz-Date=20260811T165232Z&X-Amz-Expires=900&X-Amz-Security-Token=IQoJb3JpZ2luX2VjEPH%2F%2F%2F%2F%2F%2F%2F%2F%2F%2FwEaCXVzLWVhc3QtMSJIMEYCIQCrt1DDLME2mdHkxe18e%2FXI4jqQlKsySx9v9etNbv0H0AIhALuwO6A%2FfE6TcTRtm%2FcYyWwV0XdDMhSGq64jnciH9YB5KsUFCLn%2F%2F%2F%2F%2F%2F%2F%2F%2F%2FwEQABoMNzk2NzE1OTY2ODc4Igw1g2wYyext%2BCpqUPcqmQVMDAMZuBDdy46iYs8OJCs1LdDzdoxQeOLMdl7jMzozHXHNe8xy3WwvetMJacC4JaB5daNPE9PJ2hTrE3GavAhc0299DM%2BFKxN8iztCNvZJHEMVEeAajE8DNxt%2Bf0Lcr750xm0mn11QHHui7MfoMvZ6ojP63j02tg7zZTrRe81hRWmOQUIjw8%2BFNLgo52NX38hcQ7mLomkGQPDxTWa1LLqWo7MRTzg6vqMrXa1SowE5fzlksgx1WI9rnWnYVfBwkFQQzqJb2jhWl2VK4ym5Et1ENt8la%2BbfNPEH1wkuR55JH2jroUJFbbsFZjBTeiyqF7bXTvitbdnhbhIo1%2FxfajRuBp7BlzRTwzlwpmhT%2FLDtR%2BezvzLFRczO%2BwebZkxYDtTVmiXC7TUBIUkpLa4pUcQ5C8hUhmCXqOaMLJF0BgtVUHGoEz58NC3jMM31haIy7a0nbAQWBDWC%2FRRXYlYxN1mWL%2BwQCrRJxkJrFjL%2FmQGPF1WbVzl823Ae50w6qhDVLMkwlv0ld7cmR2bJGeUbGsA7G1D%2Fuab6swwJVEUGoJ364D%2Fa5FtATEKqnIE5YsfvZV7x9TV3wZxVMfij%2BtexnE1vMSUfnUkEd%2BpG48ufSJiigceMh6cYAgJZB%2BXabjQi0SWzSgxDWG8Gwf3A4%2BDxlOK7A2J9IgbNUD%2BzpLn5xfEZvpyL8PzJdMQ%2BpBst8mlU%2BKMIdgj8y5DbrHl8n0qtkEJYM268PACgHpn%2FEJbVIzh8RTr%2F16KaUGBCozYdpiitsBlUryarQG7rNlR7nDuMAekGDyXoKCxMSaeBrlCqpakI4R0lIJg%2FKH4pDCqsvQhU5cD00jPzTLLDdhtshbRTfYTlWgiEk%2BzAj%2FAGYmSMqSJZHdG6RHKlivW3vzDtle3TBjqwAWKfrJX1nUfy1cCdA7vNJssLYVBgQggXLZeDE104ZkooWgO1%2FC%2BxMj07xAmN5niEgm2WzzI6jBsGCPqT%2F7azd6xZ8pNw208pcyxmnlkxUnzzUUiC9yXkATEVafBZlsfuwiZg8p0XCrLIiExhhEa2MJc8ZXzdcMcbFMx67L%2BjC0JiV7D%2FVvZuSL5zmdNOFMCbxZ%2FVhdn%2B%2FaH3U6tbLswX8K3wz7M4tXXVUhkhv2ni%2Bf90&X-Amz-SignedHeaders=host&X-Amz-Signature=ac458ddcb938b31afc6e40435ed191fb40d38ab38d9b905856a4b03c4023270f
[discovery:debug] http response: {"status":200,"headers":{"x-amz-id-2":"eUYD/r3TJBRwW0R3knyfnKQcVtCRkuHL3Q3MVjJ+P2TNTAaifbnpWZ10HdFZpOyoBe1GXieiJ8M=","x-amz-request-id":"ZYFTHYXKY3SK05PG","date":"Tue, 11 Aug 2026 16:52:39 GMT","x-amz-expiration":"expiry-date=\"Sun, 11 Oct 2026 00:00:00 GMT\", rule-id=\"tf-s3-lifecycle-20230112051032329700000002\"","x-amz-server-side-encryption":"AES256","etag":"\"84eda14d933154d7a2e2151fef084c80\"","x-amz-checksum-crc64nvme":"9OiGROvdlmk=","x-amz-checksum-type":"FULL_OBJECT","content-length":"0","server":"AmazonS3"},"body":""}
[discovery:debug] http request: POST /build/fbb8ca76-0360-4fce-b90d-ed03a5273b82/snapshot
[discovery:debug] {"name":"ltqa-1-element-ignore-inner-multi","url":"https://ltqa-frontend.lambdatestinternal.com/layout1","snapshotUuid":"16ad5dd2-ef45-4bbf-8278-cf55c6acc632","variantCount":3,"test":{"type":"js-playwright-driver","source":"cli"},"discoveryErrors":{"name":"ltqa-1-element-ignore-inner-multi","url":"https://ltqa-frontend.lambdatestinternal.com/layout1","timestamp":"","snapshotUUID":"","browsers":{}},"sync":false}
[discovery:debug] http response: {"status":200,"headers":{"server":"nginx/1.18.0 (Ubuntu)","date":"Tue, 11 Aug 2026 16:52:40 GMT","content-type":"application/json","content-length":"31","connection":"keep-alive","access-control-allow-methods":"GET, POST, PUT, OPTIONS,PATCH","access-control-allow-headers":"Pragma,DNT,X-CustomHeader,Keep-Alive,User-Agent,X-Requested-With,If-Modified-Since,Cache-Control,Content-Type,Content-Range,Range,Authorization,username,traceparent,tracestate","access-control-expose-headers":"Pragma,DNT,X-CustomHeader,Keep-Alive,User-Agent,X-Requested-With,If-Modified-Since,Cache-Control,Content-Type,Content-Range,Range"},"body":{"data":{"message":"success"}}}
[discovery:debug] ContextId: undefined status set to uploaded
[discovery:debug] Closed browser page for snapshot ltqa-1-element-ignore-inner-multi
[discovery:debug] Closed browser context for snapshot ltqa-1-element-ignore-inner-multi
[finalizeBuild:debug] http request: DELETE /build
[finalizeBuild:debug] http response: {"status":200,"headers":{"server":"nginx/1.18.0 (Ubuntu)","date":"Tue, 11 Aug 2026 16:52:41 GMT","content-type":"application/json","content-length":"52","connection":"keep-alive","access-control-allow-methods":"GET, POST, PUT, OPTIONS,PATCH","access-control-allow-headers":"Pragma,DNT,X-CustomHeader,Keep-Alive,User-Agent,X-Requested-With,If-Modified-Since,Cache-Control,Content-Type,Content-Range,Range,Authorization,username,traceparent,tracestate","access-control-expose-headers":"Pragma,DNT,X-CustomHeader,Keep-Alive,User-Agent,X-Requested-With,If-Modified-Since,Cache-Control,Content-Type,Content-Range,Range"},"body":{"data":{"message":"Build finalized successfully"}}}
[finalizeBuild:debug] Closed browser
[finalizeBuild:debug] Closed server
[finalizeBuild:debug] Log file to be uploaded
[finalizeBuild:debug] http request: POST /loguploadurl
[finalizeBuild:debug] {"buildId":"fbb8ca76-0360-4fce-b90d-ed03a5273b82"}
[finalizeBuild:debug] http response: {"status":200,"headers":{"server":"nginx/1.18.0 (Ubuntu)","date":"Tue, 11 Aug 2026 16:52:44 GMT","content-type":"application/json","transfer-encoding":"chunked","connection":"keep-alive","access-control-allow-methods":"GET, POST, PUT, OPTIONS,PATCH","access-control-allow-headers":"Pragma,DNT,X-CustomHeader,Keep-Alive,User-Agent,X-Requested-With,If-Modified-Since,Cache-Control,Content-Type,Content-Range,Range,Authorization,username,traceparent,tracestate","access-control-expose-headers":"Pragma,DNT,X-CustomHeader,Keep-Alive,User-Agent,X-Requested-With,If-Modified-Since,Cache-Control,Content-Type,Content-Range,Range"},"body":{"data":{"url":"https://stage-magicleap-dotlapse-artefact-v1.s3.amazonaws.com/org-33627706/01KZRR5TVGJ83DZQ0D7ADYZFMG/fbb8ca76-0360-4fce-b90d-ed03a5273b82/cli-e213c849-5fdc-4433-9e0a-223a1338eca2.log?X-Amz-Algorithm=AWS4-HMAC-SHA256&X-Amz-Credential=ASIA3S77Y4GPHQBFETM7%2F20260811%2Fus-east-1%2Fs3%2Faws4_request&X-Amz-Date=20260811T165241Z&X-Amz-Expires=900&X-Amz-Security-Token=IQoJb3JpZ2luX2VjEPH%2F%2F%2F%2F%2F%2F%2F%2F%2F%2FwEaCXVzLWVhc3QtMSJIMEYCIQCrt1DDLME2mdHkxe18e%2FXI4jqQlKsySx9v9etNbv0H0AIhALuwO6A%2FfE6TcTRtm%2FcYyWwV0XdDMhSGq64jnciH9YB5KsUFCLn%2F%2F%2F%2F%2F%2F%2F%2F%2F%2FwEQABoMNzk2NzE1OTY2ODc4Igw1g2wYyext%2BCpqUPcqmQVMDAMZuBDdy46iYs8OJCs1LdDzdoxQeOLMdl7jMzozHXHNe8xy3WwvetMJacC4JaB5daNPE9PJ2hTrE3GavAhc0299DM%2BFKxN8iztCNvZJHEMVEeAajE8DNxt%2Bf0Lcr750xm0mn11QHHui7MfoMvZ6ojP63j02tg7zZTrRe81hRWmOQUIjw8%2BFNLgo52NX38hcQ7mLomkGQPDxTWa1LLqWo7MRTzg6vqMrXa1SowE5fzlksgx1WI9rnWnYVfBwkFQQzqJb2jhWl2VK4ym5Et1ENt8la%2BbfNPEH1wkuR55JH2jroUJFbbsFZjBTeiyqF7bXTvitbdnhbhIo1%2FxfajRuBp7BlzRTwzlwpmhT%2FLDtR%2BezvzLFRczO%2BwebZkxYDtTVmiXC7TUBIUkpLa4pUcQ5C8hUhmCXqOaMLJF0BgtVUHGoEz58NC3jMM31haIy7a0nbAQWBDWC%2FRRXYlYxN1mWL%2BwQCrRJxkJrFjL%2FmQGPF1WbVzl823Ae50w6qhDVLMkwlv0ld7cmR2bJGeUbGsA7G1D%2Fuab6swwJVEUGoJ364D%2Fa5FtATEKqnIE5YsfvZV7x9TV3wZxVMfij%2BtexnE1vMSUfnUkEd%2BpG48ufSJiigceMh6cYAgJZB%2BXabjQi0SWzSgxDWG8Gwf3A4%2BDxlOK7A2J9IgbNUD%2BzpLn5xfEZvpyL8PzJdMQ%2BpBst8mlU%2BKMIdgj8y5DbrHl8n0qtkEJYM268PACgHpn%2FEJbVIzh8RTr%2F16KaUGBCozYdpiitsBlUryarQG7rNlR7nDuMAekGDyXoKCxMSaeBrlCqpakI4R0lIJg%2FKH4pDCqsvQhU5cD00jPzTLLDdhtshbRTfYTlWgiEk%2BzAj%2FAGYmSMqSJZHdG6RHKlivW3vzDtle3TBjqwAWKfrJX1nUfy1cCdA7vNJssLYVBgQggXLZeDE104ZkooWgO1%2FC%2BxMj07xAmN5niEgm2WzzI6jBsGCPqT%2F7azd6xZ8pNw208pcyxmnlkxUnzzUUiC9yXkATEVafBZlsfuwiZg8p0XCrLIiExhhEa2MJc8ZXzdcMcbFMx67L%2BjC0JiV7D%2FVvZuSL5zmdNOFMCbxZ%2FVhdn%2B%2FaH3U6tbLswX8K3wz7M4tXXVUhkhv2ni%2Bf90&X-Amz-SignedHeaders=host&X-Amz-Signature=8926fcd6ed284ee28ece183ee6ca7f86d43a7af8ecd459f45d0f21995740a461"}}}
[finalizeBuild:debug] http request: PUT https://stage-magicleap-dotlapse-artefact-v1.s3.amazonaws.com/org-33627706/01KZRR5TVGJ83DZQ0D7ADYZFMG/fbb8ca76-0360-4fce-b90d-ed03a5273b82/cli-e213c849-5fdc-4433-9e0a-223a1338eca2.log?X-Amz-Algorithm=AWS4-HMAC-SHA256&X-Amz-Credential=ASIA3S77Y4GPHQBFETM7%2F20260811%2Fus-east-1%2Fs3%2Faws4_request&X-Amz-Date=20260811T165241Z&X-Amz-Expires=900&X-Amz-Security-Token=IQoJb3JpZ2luX2VjEPH%2F%2F%2F%2F%2F%2F%2F%2F%2F%2FwEaCXVzLWVhc3QtMSJIMEYCIQCrt1DDLME2mdHkxe18e%2FXI4jqQlKsySx9v9etNbv0H0AIhALuwO6A%2FfE6TcTRtm%2FcYyWwV0XdDMhSGq64jnciH9YB5KsUFCLn%2F%2F%2F%2F%2F%2F%2F%2F%2F%2FwEQABoMNzk2NzE1OTY2ODc4Igw1g2wYyext%2BCpqUPcqmQVMDAMZuBDdy46iYs8OJCs1LdDzdoxQeOLMdl7jMzozHXHNe8xy3WwvetMJacC4JaB5daNPE9PJ2hTrE3GavAhc0299DM%2BFKxN8iztCNvZJHEMVEeAajE8DNxt%2Bf0Lcr750xm0mn11QHHui7MfoMvZ6ojP63j02tg7zZTrRe81hRWmOQUIjw8%2BFNLgo52NX38hcQ7mLomkGQPDxTWa1LLqWo7MRTzg6vqMrXa1SowE5fzlksgx1WI9rnWnYVfBwkFQQzqJb2jhWl2VK4ym5Et1ENt8la%2BbfNPEH1wkuR55JH2jroUJFbbsFZjBTeiyqF7bXTvitbdnhbhIo1%2FxfajRuBp7BlzRTwzlwpmhT%2FLDtR%2BezvzLFRczO%2BwebZkxYDtTVmiXC7TUBIUkpLa4pUcQ5C8hUhmCXqOaMLJF0BgtVUHGoEz58NC3jMM31haIy7a0nbAQWBDWC%2FRRXYlYxN1mWL%2BwQCrRJxkJrFjL%2FmQGPF1WbVzl823Ae50w6qhDVLMkwlv0ld7cmR2bJGeUbGsA7G1D%2Fuab6swwJVEUGoJ364D%2Fa5FtATEKqnIE5YsfvZV7x9TV3wZxVMfij%2BtexnE1vMSUfnUkEd%2BpG48ufSJiigceMh6cYAgJZB%2BXabjQi0SWzSgxDWG8Gwf3A4%2BDxlOK7A2J9IgbNUD%2BzpLn5xfEZvpyL8PzJdMQ%2BpBst8mlU%2BKMIdgj8y5DbrHl8n0qtkEJYM268PACgHpn%2FEJbVIzh8RTr%2F16KaUGBCozYdpiitsBlUryarQG7rNlR7nDuMAekGDyXoKCxMSaeBrlCqpakI4R0lIJg%2FKH4pDCqsvQhU5cD00jPzTLLDdhtshbRTfYTlWgiEk%2BzAj%2FAGYmSMqSJZHdG6RHKlivW3vzDtle3TBjqwAWKfrJX1nUfy1cCdA7vNJssLYVBgQggXLZeDE104ZkooWgO1%2FC%2BxMj07xAmN5niEgm2WzzI6jBsGCPqT%2F7azd6xZ8pNw208pcyxmnlkxUnzzUUiC9yXkATEVafBZlsfuwiZg8p0XCrLIiExhhEa2MJc8ZXzdcMcbFMx67L%2BjC0JiV7D%2FVvZuSL5zmdNOFMCbxZ%2FVhdn%2B%2FaH3U6tbLswX8K3wz7M4tXXVUhkhv2ni%2Bf90&X-Amz-SignedHeaders=host&X-Amz-Signature=8926fcd6ed284ee28ece183ee6ca7f86d43a7af8ecd459f45d0f21995740a461
[finalizeBuild:debug] http response: {"status":200,"headers":{"x-amz-id-2":"RCfosPY2FFs92rZ/4UWwh4Y87g8DWgbdm88ubWBIFHB5sOISIot8zIbXGMUsJcpQxPugyjoWWPa3lMVV2uvjwAB0I5IXH8EL","x-amz-request-id":"SBHAJAQP546BN5C1","server":"AmazonS3","date":"Tue, 11 Aug 2026 16:52:48 GMT","x-amz-expiration":"expiry-date=\"Sun, 11 Oct 2026 00:00:00 GMT\", rule-id=\"tf-s3-lifecycle-20230112051032329700000002\"","x-amz-server-side-encryption":"AES256","etag":"\"aa2120be5578b201ed66c6400fba9d2e\"","x-amz-checksum-crc64nvme":"FqmDxe83VoY=","x-amz-checksum-type":"FULL_OBJECT","content-length":"0"},"body":""}
